  q-EELS Toolbox loaded (root: C:\Users\HP\Desktop\vibecoding\2D-metal-plasmon)
  Nion EELS Toolbox loaded (root: C:\Users\HP\Desktop\Nion-EELS数据处理toolbox)
正在运行 test_b1_component_pilot_v2
Loading NPY file: C:\Users\HP\AppData\Local\Temp\tp05034780_ea2c_432f_bfce_be5c13d6cd2b\sentinel_10w.npy
  Loaded in 0.0 s, shape = [3  20  64], 0 MB
  JSON metadata loaded.
  Original dimensions: 3D, shape = [3  20  64]
  Frames summed: 3 frames → 2D [20  64]
  Transposed to [E × q] = [64 × 20]
  Data matrix: 64 energy × 20 momentum channels
  Q crop (manual): channels 1 : 20
  ZLP alignment...
  Alignment explicitly disabled; frame sum only.
  Energy axis from JSON: [-36.0, 216.0] meV, dE = 4.0 meV
  dq = 0.0005 Å⁻¹/pixel
  Done. qeData struct created: 64 E × 20 q
.
已完成 test_b1_component_pilot_v2
__________

RUN_DIR=C:\Users\HP\Desktop\vibecoding\2D-metal-plasmon\paper_results\b1_components_v2\20260912T021813081Z_31fcc543_18af79b6
Loading NPY file: C:\Users\HP\Desktop\vibecoding\2D-metal-plasmon\20260120 BiSb\590 PL2 10w 0.004 10sx300\Sequence EELS Image 274.npy
  Loaded in 0.9 s, shape = [300   512  1028], 1263 MB
  JSON metadata loaded.
  Original dimensions: 3D, shape = [300   512  1028]
  Frames summed: 300 frames → 2D [512  1028]
  Transposed to [E × q] = [1028 × 512]
  Data matrix: 1028 energy × 512 momentum channels
  Q crop (manual): channels 1 : 512
  ZLP alignment...
  Alignment explicitly disabled; frame sum only.
  Energy axis from JSON: [-196.0, 3912.0] meV, dE = 4.0 meV
  dq = 0.0005 Å⁻¹/pixel
  Done. qeData struct created: 1028 E × 512 q
P0-P2 input audited: 590_PL2_10w; 92 bins
Loading NPY file: C:\Users\HP\Desktop\vibecoding\2D-metal-plasmon\20260120 BiSb\no pl2 20w 0.004 10sx300 2film\Sequence EELS Image 273.npy
  Loaded in 0.6 s, shape = [300   512  1028], 1263 MB
  JSON metadata loaded.
  Original dimensions: 3D, shape = [300   512  1028]
  Frames summed: 300 frames → 2D [512  1028]
  Transposed to [E × q] = [1028 × 512]
  Data matrix: 1028 energy × 512 momentum channels
  Q crop (manual): channels 1 : 512
  ZLP alignment...
  Alignment explicitly disabled; frame sum only.
  Energy axis from JSON: [-236.0, 3872.0] meV, dE = 4.0 meV
  dq = 0.0003 Å⁻¹/pixel
  Done. qeData struct created: 1028 E × 512 q
P0-P2 input audited: no_PL2_20w_2film; 214 bins
Loading NPY file: C:\Users\HP\Desktop\vibecoding\2D-metal-plasmon\20260120 BiSb\n0 pl2 10w 0.004 10s x300\Sequence EELS Image 272.npy
  Loaded in 0.7 s, shape = [300   512  1028], 1263 MB
  JSON metadata loaded.
  Original dimensions: 3D, shape = [300   512  1028]
  Frames summed: 300 frames → 2D [512  1028]
  Transposed to [E × q] = [1028 × 512]
  Data matrix: 1028 energy × 512 momentum channels
  Q crop (manual): channels 1 : 512
  ZLP alignment...
  Alignment explicitly disabled; frame sum only.
  Energy axis from JSON: [-188.0, 3920.0] meV, dE = 4.0 meV
  dq = 0.0005 Å⁻¹/pixel
  Done. qeData struct created: 1028 E × 512 q
P0-P2 input audited: n0_PL2_10w_repeat; 92 bins
FIT N1_R1_W1800_lorentz_symmetric n1=boundary n2=boundary
FIT N1_R1_W1800_lorentz n1=boundary n2=boundary
FIT N1_R1_W2000_lorentz_symmetric n1=boundary n2=boundary
FIT N1_R1_W2000_lorentz n1=boundary n2=boundary
FIT N1_R1_W2100_lorentz_symmetric n1=boundary n2=boundary
FIT N1_R1_W2100_lorentz n1=boundary n2=boundary
FIT N1_R2_W1800_lorentz_symmetric n1=boundary n2=boundary
FIT N1_R2_W1800_lorentz n1=converged n2=boundary
FIT N1_R2_W2000_lorentz_symmetric n1=boundary n2=boundary
FIT N1_R2_W2000_lorentz n1=boundary n2=boundary
FIT N1_R2_W2100_lorentz_symmetric n1=boundary n2=boundary
FIT N1_R2_W2100_lorentz n1=boundary n2=converged
FIT N1_R3_W1800_lorentz_symmetric n1=boundary n2=boundary
FIT N1_R3_W1800_lorentz n1=boundary n2=boundary
FIT N1_R3_W2000_lorentz_symmetric n1=boundary n2=boundary
FIT N1_R3_W2000_lorentz n1=boundary n2=boundary
FIT N1_R3_W2100_lorentz_symmetric n1=boundary n2=boundary
FIT N1_R3_W2100_lorentz n1=boundary n2=boundary
FIT N3_R1_W1800_lorentz_symmetric n1=boundary n2=boundary
FIT N3_R1_W1800_lorentz n1=boundary n2=boundary
FIT N3_R1_W2000_lorentz_symmetric n1=boundary n2=boundary
FIT N3_R1_W2000_lorentz n1=boundary n2=boundary
FIT N3_R1_W2100_lorentz_symmetric n1=boundary n2=boundary
FIT N3_R1_W2100_lorentz n1=boundary n2=boundary
FIT N3_R2_W1800_lorentz_symmetric n1=boundary n2=boundary
FIT N3_R2_W1800_lorentz n1=converged n2=boundary
FIT N3_R2_W2000_lorentz_symmetric n1=boundary n2=boundary
FIT N3_R2_W2000_lorentz n1=boundary n2=boundary
FIT N3_R2_W2100_lorentz_symmetric n1=boundary n2=boundary
FIT N3_R2_W2100_lorentz n1=boundary n2=converged
FIT N3_R3_W1800_lorentz_symmetric n1=boundary n2=boundary
FIT N3_R3_W1800_lorentz n1=boundary n2=boundary
FIT N3_R3_W2000_lorentz_symmetric n1=boundary n2=boundary
FIT N3_R3_W2000_lorentz n1=boundary n2=converged
FIT N3_R3_W2100_lorentz_symmetric n1=boundary n2=boundary
FIT N3_R3_W2100_lorentz n1=boundary n2=converged
FIT N5_R1_W1800_lorentz_symmetric n1=boundary n2=boundary
FIT N5_R1_W1800_lorentz n1=boundary n2=boundary
FIT N5_R1_W2000_lorentz_symmetric n1=boundary n2=boundary
FIT N5_R1_W2000_lorentz n1=boundary n2=boundary
FIT N5_R1_W2100_lorentz_symmetric n1=boundary n2=boundary
FIT N5_R1_W2100_lorentz n1=boundary n2=boundary
FIT N5_R2_W1800_lorentz_symmetric n1=boundary n2=boundary
FIT N5_R2_W1800_lorentz n1=converged n2=boundary
FIT N5_R2_W2000_lorentz_symmetric n1=boundary n2=boundary
FIT N5_R2_W2000_lorentz n1=boundary n2=boundary
FIT N5_R2_W2100_lorentz_symmetric n1=boundary n2=boundary
FIT N5_R2_W2100_lorentz n1=boundary n2=converged
FIT N5_R3_W1800_lorentz_symmetric n1=boundary n2=boundary
FIT N5_R3_W1800_lorentz n1=converged n2=boundary
FIT N5_R3_W2000_lorentz_symmetric n1=boundary n2=boundary
FIT N5_R3_W2000_lorentz n1=boundary n2=boundary
FIT N5_R3_W2100_lorentz_symmetric n1=boundary n2=boundary
FIT N5_R3_W2100_lorentz n1=boundary n2=converged
COMPLETED C:\Users\HP\Desktop\vibecoding\2D-metal-plasmon\paper_results\b1_components_v2\20260912T021813081Z_31fcc543_18af79b6
C:\Users\HP\Desktop\vibecoding\2D-metal-plasmon\paper_results\b1_components_v2\20260912T021813081Z_31fcc543_18af79b6
