  q-EELS Toolbox loaded (root: C:\Users\HP\Desktop\vibecoding\2D-metal-plasmon)
  Nion EELS Toolbox loaded (root: C:\Users\HP\Desktop\Nion-EELS数据处理toolbox)
正在运行 test_b1_component_pilot_v2
.....Loading MAT file: C:\Users\HP\AppData\Local\Temp\tp86da05d9_95ed_43eb_afc6_6a5326ad9d2a\synthetic_10w_raw.mat
  Auto-added Nion 4D toolbox: C:\Users\HP\Desktop\Nion-EELS数据处理toolbox\4D-EELS TOOLBOX
  Loaded in 0.0 s
  Using largest numeric field "raw", size = [16  512   20]
  Found energy axis in field "energy", 512 points
  Original dimensions: 3D, shape = [16  512   20]
  Frames summed: 16 frames → 2D [512   20]
  Data matrix: 512 energy × 20 momentum channels
  Q crop (manual): channels 1 : 20
  ZLP alignment...
    Phase 1: Sequential cross-correlation done (center = 1)
    Iteration #1: residual = 0
    Phase 2: Converged (residual 0 < target 0.5)
  Energy axis from file: [-36.0, 2008.0] meV, 512 points
  dq = 0.0005 Å⁻¹/pixel
  Done. qeData struct created: 512 E × 20 q
Loading MAT file: C:\Users\HP\AppData\Local\Temp\tp86da05d9_95ed_43eb_afc6_6a5326ad9d2a\synthetic_10w_raw.mat
  Loaded in 0.0 s
  Using largest numeric field "raw", size = [16  512   20]
  Found energy axis in field "energy", 512 points
  Original dimensions: 3D, shape = [16  512   20]
  Frames summed: 16 frames → 2D [512   20]
  Data matrix: 512 energy × 20 momentum channels
  Q crop (manual): channels 1 : 20
  ZLP alignment...
    Phase 1: Sequential cross-correlation done (center = 1)
    Iteration #1: residual = 0
    Phase 2: Converged (residual 0 < target 0.5)
  Energy axis from file: [-36.0, 2008.0] meV, 512 points
  dq = 0.0005 Å⁻¹/pixel
  Done. qeData struct created: 512 E × 20 q
.
已完成 test_b1_component_pilot_v2
__________

正在运行 test_qe_dq_calibration
  q-EELS Toolbox loaded (root: C:\Users\HP\Desktop\vibecoding\2D-metal-plasmon)
  Nion EELS Toolbox loaded (root: C:\Users\HP\Desktop\Nion-EELS数据处理toolbox)
...
已完成 test_qe_dq_calibration
__________

正在运行 test_load_qe_dataset_cache
  q-EELS Toolbox loaded (root: C:\Users\HP\Desktop\vibecoding\2D-metal-plasmon)
  Nion EELS Toolbox loaded (root: C:\Users\HP\Desktop\Nion-EELS数据处理toolbox)
Loading MAT file: C:\Users\HP\AppData\Local\Temp\tp890dd46b_8dfe_4692_8d95_fff8b9e39449\synthetic_10w_raw.mat
  Loaded in 0.0 s
  Using largest numeric field "raw", size = [3  512  128]
  Found energy axis in field "energy", 512 points
  Original dimensions: 3D, shape = [3  512  128]
  Frames summed: 3 frames → 2D [512  128]
  Data matrix: 512 energy × 128 momentum channels
  Q crop (manual): channels 20 : 70
  ZLP alignment...
    Phase 1: Sequential cross-correlation done (center = 1)
    Iteration #1: residual = 0
    Phase 2: Converged (residual 0 < target 0.5)
  Energy axis from file: [-80.0, 1964.0] meV, 512 points
  dq = 0.0005 Å⁻¹/pixel
  Done. qeData struct created: 512 E × 51 q
  Saved processed data to: C:\Users\HP\AppData\Local\Temp\tp890dd46b_8dfe_4692_8d95_fff8b9e39449\eq3D_processed.mat
  Cache eq3D_processed.mat does not match raw import options; rebuilding.
Loading MAT file: C:\Users\HP\AppData\Local\Temp\tp890dd46b_8dfe_4692_8d95_fff8b9e39449\synthetic_10w_raw.mat
  Loaded in 0.0 s
  Using largest numeric field "raw", size = [3  512  128]
  Found energy axis in field "energy", 512 points
  Original dimensions: 3D, shape = [3  512  128]
  Frames summed: 3 frames → 2D [512  128]
  Data matrix: 512 energy × 128 momentum channels
  Q crop (manual): channels 30 : 50
  ZLP alignment...
    Phase 1: Sequential cross-correlation done (center = 1)
    Iteration #1: residual = 0
    Phase 2: Converged (residual 0 < target 0.5)
  Energy axis from file: [-80.0, 1964.0] meV, 512 points
  dq = 0.0005 Å⁻¹/pixel
  Done. qeData struct created: 512 E × 21 q
  Saved processed data to: C:\Users\HP\AppData\Local\Temp\tp890dd46b_8dfe_4692_8d95_fff8b9e39449\eq3D_processed.mat
.
已完成 test_load_qe_dataset_cache
__________

正在运行 PeakFwhmMeasurementTest
..
已完成 PeakFwhmMeasurementTest
__________

正在运行 test_b1_double_peak_binning_workflow
  q-EELS Toolbox loaded (root: C:\Users\HP\Desktop\vibecoding\2D-metal-plasmon)
  Nion EELS Toolbox loaded (root: C:\Users\HP\Desktop\Nion-EELS数据处理toolbox)
.......... .......... .........
已完成 test_b1_double_peak_binning_workflow
__________

